// Jest Snapshot v1, https://goo.gl/fbAQLP

exports[`Git getBranchInfo should return the parsed commit history 1`] = `
{
  "commits": [
    {
      "body": null,
      "footer": "Fixes #FOTINGO-123",
      "header": "fix(something): fix this",
      "mentions": [],
      "merge": null,
      "notes": [],
      "references": [
        {
          "action": "Fixes",
          "issue": "FOTINGO-123",
          "owner": null,
          "prefix": "#",
          "raw": "#FOTINGO-123",
          "repository": null,
        },
      ],
      "revert": null,
      "scope": "something",
      "subject": "fix this",
      "type": "fix",
    },
    {
      "body": null,
      "footer": "fixes #FOTINGO-12",
      "header": "feat(that): implement that",
      "mentions": [],
      "merge": null,
      "notes": [],
      "references": [
        {
          "action": "fixes",
          "issue": "FOTINGO-12",
          "owner": null,
          "prefix": "#",
          "raw": "#FOTINGO-12",
          "repository": null,
        },
      ],
      "revert": null,
      "scope": "that",
      "subject": "implement that",
      "type": "feat",
    },
    {
      "body": null,
      "footer": "Fixes #FOTINGO-1",
      "header": "chore: improve this",
      "mentions": [],
      "merge": null,
      "notes": [],
      "references": [
        {
          "action": "Fixes",
          "issue": "FOTINGO-1",
          "owner": null,
          "prefix": "#",
          "raw": "#FOTINGO-1",
          "repository": null,
        },
      ],
      "revert": null,
      "scope": null,
      "subject": "improve this",
      "type": "chore",
    },
  ],
  "issues": [
    {
      "issue": "FOTINGO-2484",
      "raw": "#FOTINGO-2484",
    },
    {
      "issue": "FOTINGO-123",
      "raw": "#FOTINGO-123",
    },
    {
      "issue": "FOTINGO-12",
      "raw": "#FOTINGO-12",
    },
    {
      "issue": "FOTINGO-1",
      "raw": "#FOTINGO-1",
    },
  ],
  "name": "FOTINGO-2484",
}
`;

exports[`Git getBranchNameForIssue should generate a branch name for an issue 1`] = `"fotingo-1963"`;

exports[`Git getRemote should fall back to the first remote if it cannot find the specified one 1`] = `
{
  "commit": undefined,
  "filepath": "",
  "filepathtype": "",
  "full_name": "tagoro9/fotingo-rewrite",
  "git_suffix": true,
  "hash": "",
  "host": "github.com",
  "href": "git@github.com:tagoro9/fotingo-rewrite.git",
  "name": "fotingo-rewrite",
  "organization": "tagoro9",
  "owner": "tagoro9",
  "parse_failed": false,
  "password": "",
  "pathname": "/tagoro9/fotingo-rewrite.git",
  "port": "",
  "protocol": "ssh",
  "protocols": [
    "ssh",
  ],
  "query": {},
  "ref": "",
  "resource": "github.com",
  "search": "",
  "source": "github.com",
  "toString": [Function],
  "token": "",
  "user": "git",
}
`;

exports[`Git getRemote should return the parsed remote 1`] = `
{
  "commit": undefined,
  "filepath": "",
  "filepathtype": "",
  "full_name": "tagoro9/fotingo-rewrite",
  "git_suffix": true,
  "hash": "",
  "host": "github.com",
  "href": "git@github.com:tagoro9/fotingo-rewrite.git",
  "name": "fotingo-rewrite",
  "organization": "tagoro9",
  "owner": "tagoro9",
  "parse_failed": false,
  "password": "",
  "pathname": "/tagoro9/fotingo-rewrite.git",
  "port": "",
  "protocol": "ssh",
  "protocols": [
    "ssh",
  ],
  "query": {},
  "ref": "",
  "resource": "github.com",
  "search": "",
  "source": "github.com",
  "toString": [Function],
  "token": "",
  "user": "git",
}
`;
