// Jest Snapshot v1, https://goo.gl/fbAQLP

exports[`getReleaseNotes generates the release notes from the template 1`] = `
Object {
  "body": "
# Bug fixes:

* [#FOTINGO-3854](https://determined-rose.net): Corporate

# Features:

* [#FOTINGO-107](https://awful-buyer.net): Corporate

See [Jira release](http://defenseless-cicada.biz)

ðŸš€ Release created with [fotingo](https://github.com/tagoro9/fotingo)",
  "title": "Jakob",
}
`;
